I'm sorry, but errors were detected in your script. Please correct the
errors listed below, and try again.


File "game/script.rpy", line 35: expected statement.
    for r in results:
          ^

Ren'Py Version: Ren'Py 8.0.3.22090809
Sat May  2 00:04:34 2026
